Watching for file changes with StatReloader
C:\Users\Professor\Desktop\Complete-Python-Pro-Bootcamp\MyCode\Project\authentication\authentication_system\authentication\views.py changed, reloading.
Watching for file changes with StatReloader
Saving UserProfile for user: raimalraja
Saving UserProfile for user: raimalraja
C:\Users\Professor\Desktop\Complete-Python-Pro-Bootcamp\MyCode\Project\authentication\authentication_system\authentication\forms.py changed, reloading.
Watching for file changes with StatReloader
Saving UserProfile for user: raimalraja
C:\Users\Professor\Desktop\Complete-Python-Pro-Bootcamp\MyCode\Project\authentication\authentication_system\authentication\views.py changed, reloading.
Watching for file changes with StatReloader
Saving UserProfile for user: raimalraja
C:\Users\Professor\Desktop\Complete-Python-Pro-Bootcamp\MyCode\Project\authentication\authentication_system\authentication\forms.py changed, reloading.
Watching for file changes with StatReloader
C:\Users\Professor\Desktop\Complete-Python-Pro-Bootcamp\MyCode\Project\authentication\authentication_system\authentication\forms.py changed, reloading.
Watching for file changes with StatReloader
C:\Users\Professor\Desktop\Complete-Python-Pro-Bootcamp\MyCode\Project\authentication\authentication_system\authentication\models.py changed, reloading.
Watching for file changes with StatReloader
C:\Users\Professor\Desktop\Complete-Python-Pro-Bootcamp\MyCode\Project\authentication\authentication_system\authentication\views.py changed, reloading.
Watching for file changes with StatReloader
Saving UserProfile for user: raimalraja
C:\Users\Professor\Desktop\Complete-Python-Pro-Bootcamp\MyCode\Project\authentication\authentication_system\authentication\models.py changed, reloading.
Watching for file changes with StatReloader
C:\Users\Professor\Desktop\Complete-Python-Pro-Bootcamp\MyCode\Project\authentication\authentication_system\authentication\models.py changed, reloading.
Watching for file changes with StatReloader
C:\Users\Professor\Desktop\Complete-Python-Pro-Bootcamp\MyCode\Project\authentication\authentication_system\authentication\models.py changed, reloading.
Watching for file changes with StatReloader
C:\Users\Professor\Desktop\Complete-Python-Pro-Bootcamp\MyCode\Project\authentication\authentication_system\authentication\forms.py changed, reloading.
Watching for file changes with StatReloader
C:\Users\Professor\Desktop\Complete-Python-Pro-Bootcamp\MyCode\Project\authentication\authentication_system\authentication\views.py changed, reloading.
Watching for file changes with StatReloader
Profile retrieved for raimalraja: bio=
Internal Server Error: /dashboard/
Traceback (most recent call last):
  File "C:\Users\Professor\AppData\Local\Programs\Python\Python312\Lib\site-packages\django\template\base.py", line 510, in parse
    compile_func = self.tags[command]
                   ~~~~~~~~~^^^^^^^^^
KeyError: 'endblock'

During handling of the above exception, another exception occurred:

Traceback (most recent call last):
  File "C:\Users\Professor\AppData\Local\Programs\Python\Python312\Lib\site-packages\django\core\handlers\exception.py", line 55, in inner
    response = get_response(request)
               ^^^^^^^^^^^^^^^^^^^^^
  File "C:\Users\Professor\AppData\Local\Programs\Python\Python312\Lib\site-packages\django\core\handlers\base.py", line 197, in _get_response
    response = wrapped_callback(request, *callback_args, **callback_kwargs)
               ^^^^^^^^^^^^^^^^^^^^^^^^^^^^^^^^^^^^^^^^^^^^^^^^^^^^^^^^^^^^
  File "C:\Users\Professor\AppData\Local\Programs\Python\Python312\Lib\site-packages\django\contrib\auth\decorators.py", line 60, in _view_wrapper
    return view_func(request, *args, **kwargs)
           ^^^^^^^^^^^^^^^^^^^^^^^^^^^^^^^^^^^
  File "C:\Users\Professor\Desktop\Complete-Python-Pro-Bootcamp\MyCode\Project\authentication\authentication_system\authentication\views.py", line 182, in dashboard_view
    return render(request, 'dashboard.html', context)
           ^^^^^^^^^^^^^^^^^^^^^^^^^^^^^^^^^^^^^^^^^^
  File "C:\Users\Professor\AppData\Local\Programs\Python\Python312\Lib\site-packages\django\shortcuts.py", line 25, in render
    content = loader.render_to_string(template_name, context, request, using=using)
              ^^^^^^^^^^^^^^^^^^^^^^^^^^^^^^^^^^^^^^^^^^^^^^^^^^^^^^^^^^^^^^^^^^^^^
  File "C:\Users\Professor\AppData\Local\Programs\Python\Python312\Lib\site-packages\django\template\loader.py", line 61, in render_to_string
    template = get_template(template_name, using=using)
               ^^^^^^^^^^^^^^^^^^^^^^^^^^^^^^^^^^^^^^^^
  File "C:\Users\Professor\AppData\Local\Programs\Python\Python312\Lib\site-packages\django\template\loader.py", line 15, in get_template
    return engine.get_template(template_name)
           ^^^^^^^^^^^^^^^^^^^^^^^^^^^^^^^^^^
  File "C:\Users\Professor\AppData\Local\Programs\Python\Python312\Lib\site-packages\django\template\backends\django.py", line 79, in get_template
    return Template(self.engine.get_template(template_name), self)
                    ^^^^^^^^^^^^^^^^^^^^^^^^^^^^^^^^^^^^^^^
  File "C:\Users\Professor\AppData\Local\Programs\Python\Python312\Lib\site-packages\django\template\engine.py", line 177, in get_template
    template, origin = self.find_template(template_name)
                       ^^^^^^^^^^^^^^^^^^^^^^^^^^^^^^^^^
  File "C:\Users\Professor\AppData\Local\Programs\Python\Python312\Lib\site-packages\django\template\engine.py", line 159, in find_template
    template = loader.get_template(name, skip=skip)
               ^^^^^^^^^^^^^^^^^^^^^^^^^^^^^^^^^^^^
  File "C:\Users\Professor\AppData\Local\Programs\Python\Python312\Lib\site-packages\django\template\loaders\cached.py", line 57, in get_template
    template = super().get_template(template_name, skip)
               ^^^^^^^^^^^^^^^^^^^^^^^^^^^^^^^^^^^^^^^^^
  File "C:\Users\Professor\AppData\Local\Programs\Python\Python312\Lib\site-packages\django\template\loaders\base.py", line 28, in get_template
    return Template(
           ^^^^^^^^^
  File "C:\Users\Professor\AppData\Local\Programs\Python\Python312\Lib\site-packages\django\template\base.py", line 154, in __init__
    self.nodelist = self.compile_nodelist()
                    ^^^^^^^^^^^^^^^^^^^^^^^
  File "C:\Users\Professor\AppData\Local\Programs\Python\Python312\Lib\site-packages\django\template\base.py", line 196, in compile_nodelist
    nodelist = parser.parse()
               ^^^^^^^^^^^^^^
  File "C:\Users\Professor\AppData\Local\Programs\Python\Python312\Lib\site-packages\django\template\base.py", line 518, in parse
    raise self.error(token, e)
  File "C:\Users\Professor\AppData\Local\Programs\Python\Python312\Lib\site-packages\django\template\base.py", line 516, in parse
    compiled_result = compile_func(self, token)
                      ^^^^^^^^^^^^^^^^^^^^^^^^^
  File "C:\Users\Professor\AppData\Local\Programs\Python\Python312\Lib\site-packages\django\template\loader_tags.py", line 234, in do_block
    nodelist = parser.parse(("endblock",))
               ^^^^^^^^^^^^^^^^^^^^^^^^^^^
  File "C:\Users\Professor\AppData\Local\Programs\Python\Python312\Lib\site-packages\django\template\base.py", line 518, in parse
    raise self.error(token, e)
  File "C:\Users\Professor\AppData\Local\Programs\Python\Python312\Lib\site-packages\django\template\base.py", line 516, in parse
    compiled_result = compile_func(self, token)
                      ^^^^^^^^^^^^^^^^^^^^^^^^^
  File "C:\Users\Professor\AppData\Local\Programs\Python\Python312\Lib\site-packages\django\template\defaulttags.py", line 976, in do_if
    nodelist = parser.parse(("endif",))
               ^^^^^^^^^^^^^^^^^^^^^^^^
  File "C:\Users\Professor\AppData\Local\Programs\Python\Python312\Lib\site-packages\django\template\base.py", line 512, in parse
    self.invalid_block_tag(token, command, parse_until)
  File "C:\Users\Professor\AppData\Local\Programs\Python\Python312\Lib\site-packages\django\template\base.py", line 563, in invalid_block_tag
    raise self.error(
django.template.exceptions.TemplateSyntaxError: Invalid block tag on line 788: 'endblock', expected 'endif'. Did you forget to register or load this tag?
Profile retrieved for raimalraja: bio=
Registration failed: <ul class="errorlist"><li>username<ul class="errorlist"><li>A user with that username already exists.</li></ul></li><li>password2<ul class="errorlist"><li>This password is too short. It must contain at least 8 characters.</li></ul></li></ul>
Creating UserProfile for user: Raimal@raimal
Saving UserProfile for user: Raimal@raimal
Created user: Raimal@raimal with email: thyprofessors@gmail.com
Updated UserProfile for user: Raimal@raimal with bio: 
Registration successful for Raimal@raimal
Saving UserProfile for user: Raimal@raimal
Profile retrieved for Raimal@raimal: bio=
